[info] [loader] Init connect...
[info] [loader] Creating session...
[info] [loader] Checking HWID...
[info] [loader] Waiting for War-Win64-Shipping.exe...
[info] [loader] Step 1...
[info] [loader] Step 2...
[info] [loader] Step 3...
[info] [loader] Step 4...
[info] [loader] Downloading progress: 0
[info] [loader] Downloading progress: 1
[info] [loader] Downloading progress: 2
[info] [loader] Downloading progress: 3
[info] [loader] Downloading progress: 4
[info] [loader] Downloading progress: 5
[info] [loader] Downloading progress: 6
[info] [loader] Downloading progress: 7
[info] [loader] Downloading progress: 8
[info] [loader] Downloading progress: 9
[info] [loader] Downloading progress: 10
[info] [loader] Downloading progress: 11
[info] [loader] Downloading progress: 12
[info] [loader] Downloading progress: 13
[info] [loader] Downloading progress: 14
[info] [loader] Downloading progress: 15
[info] [loader] Downloading progress: 16
[info] [loader] Downloading progress: 17
[info] [loader] Downloading progress: 18
[info] [loader] Downloading progress: 19
[info] [loader] Downloading progress: 20
[info] [loader] Downloading progress: 21
[info] [loader] Downloading progress: 22
[info] [loader] Downloading progress: 23
[info] [loader] Downloading progress: 24
[info] [loader] Downloading progress: 25
[info] [loader] Downloading progress: 26
[info] [loader] Downloading progress: 27
[info] [loader] Downloading progress: 28
[info] [loader] Downloading progress: 29
[info] [loader] Downloading progress: 30
[info] [loader] Downloading progress: 31
[info] [loader] Downloading progress: 32
[info] [loader] Downloading progress: 33
[info] [loader] Downloading progress: 34
[info] [loader] Downloading progress: 35
[info] [loader] Downloading progress: 36
[info] [loader] Downloading progress: 37
[info] [loader] Downloading progress: 38
[info] [loader] Downloading progress: 39
[info] [loader] Downloading progress: 40
[info] [loader] Downloading progress: 41
[info] [loader] Downloading progress: 42
[info] [loader] Downloading progress: 43
[info] [loader] Downloading progress: 44
[info] [loader] Downloading progress: 45
[info] [loader] Downloading progress: 46
[info] [loader] Downloading progress: 47
[info] [loader] Downloading progress: 48
[info] [loader] Downloading progress: 49
[info] [loader] Downloading progress: 50
[info] [loader] Downloading progress: 51
[info] [loader] Downloading progress: 52
[info] [loader] Downloading progress: 53
[info] [loader] Downloading progress: 54
[info] [loader] Downloading progress: 55
[info] [loader] Downloading progress: 56
[info] [loader] Downloading progress: 57
[info] [loader] Downloading progress: 58
[info] [loader] Downloading progress: 59
[info] [loader] Downloading progress: 60
[info] [loader] Downloading progress: 61
[info] [loader] Downloading progress: 62
[info] [loader] Downloading progress: 63
[info] [loader] Downloading progress: 64
[info] [loader] Downloading progress: 65
[info] [loader] Downloading progress: 66
[info] [loader] Downloading progress: 67
[info] [loader] Downloading progress: 68
[info] [loader] Downloading progress: 69
[info] [loader] Downloading progress: 70
[info] [loader] Downloading progress: 71
[info] [loader] Downloading progress: 72
[info] [loader] Downloading progress: 73
[info] [loader] Downloading progress: 74
[info] [loader] Downloading progress: 75
[info] [loader] Downloading progress: 76
[info] [loader] Downloading progress: 77
[info] [loader] Downloading progress: 78
[info] [loader] Downloading progress: 79
[info] [loader] Downloading progress: 80
[info] [loader] Downloading progress: 81
[info] [loader] Downloading progress: 82
[info] [loader] Downloading progress: 83
[info] [loader] Downloading progress: 84
[info] [loader] Downloading progress: 85
[info] [loader] Downloading progress: 86
[info] [loader] Downloading progress: 87
[info] [loader] Downloading progress: 88
[info] [loader] Downloading progress: 89
[info] [loader] Downloading progress: 90
[info] [loader] Downloading progress: 91
[info] [loader] Downloading progress: 92
[info] [loader] Downloading progress: 93
[info] [loader] Downloading progress: 94
[info] [loader] Downloading progress: 95
[info] [loader] Downloading progress: 96
[info] [loader] Downloading progress: 97
[info] [loader] Downloading progress: 98
[info] [loader] Downloading progress: 99
[info] [loader] Downloading progress: 100
[info] [loader] Downloading completed!
[info] [loader] MapBinary...
[info] [loader] Parsing symbols...
[info] [loader] Fixing static TLS...
[info] [loader] Protecting memory...
[info] [loader] Calling entry...
[info] [loader] Writing data...
[info] [loader] Work done!
