[2026-09-05 21:25:41] [INFO] Start app
[2026-09-05 21:25:42] [INFO] Launcher config loaded successfully
[2026-09-05 21:25:42] [INFO] Loaded saved token for user: tester9
[2026-09-05 21:25:42] [INFO] Fetching launcher exe dependency (cheat_id 7)
[2026-09-05 21:25:42] [INFO] Starting download of 1 user dependencies
[2026-09-05 21:25:42] [INFO] Download completed successfully. launcher_update: true
[2026-09-05 21:25:42] [INFO] Loaded saved token for user: tester9
[2026-09-05 21:31:18] [INFO] Fetching launcher resource dependencies (cheat_id 7)
[2026-09-05 21:31:19] [INFO] Starting download of 1 user dependencies
[2026-09-05 21:31:20] [INFO] Fetching user dependencies (public + private) for cheat_id: 6
[2026-09-05 21:31:20] [INFO] Starting download of 59 user dependencies
[2026-09-05 21:31:24] [INFO] Download completed successfully. launcher_update: false
[2026-09-05 21:31:24] [INFO] Injecting for game: Foxhole, working folder: C:\Users\WDAGUtilityAccount\Downloads\launcher_files\melonity_foxhole
[2026-09-05 21:31:24] [INFO] Retrieved server config from API for cheat_id 6: foxhole-fra.melonity.gg:443
[2026-09-05 21:31:25] [INFO] Inject2 called 1 for game: Foxhole
[2026-09-05 21:31:25] [INFO] Work ID: 1, Progress: 0.03125, Title: "Info", Message: "Init connect..."
[2026-09-05 21:31:25] [INFO] Work ID: 1, Progress: 0.0625, Title: "Info", Message: "Creating session..."
[2026-09-05 21:31:26] [INFO] Work ID: 1, Progress: 0.09375, Title: "Info", Message: "Checking HWID..."
[2026-09-05 21:31:26] [INFO] Work ID: 1, Progress: 0.1875, Title: "Info", Message: "Waiting for War-Win64-Shipping.exe..."
[2026-09-05 21:36:12] [INFO] Work ID: 1, Progress: 0.25, Title: "Info", Message: "Step 1..."
[2026-09-05 21:36:12] [INFO] Work ID: 1, Progress: 0.28125, Title: "Info", Message: "Step 2..."
[2026-09-05 21:36:12] [INFO] Work ID: 1, Progress: 0.3125, Title: "Info", Message: "Step 3..."
[2026-09-05 21:36:22] [INFO] Work ID: 1, Progress: 0.34375, Title: "Info", Message: "Step 4..."
[2026-09-05 21:36:24] [INFO] Work ID: 1, Progress: 0.34375, Title: "Info", Message: "Downloading progress: 0"
[2026-09-05 21:36:25] [INFO] Work ID: 1, Progress: 0.34870932, Title: "Info", Message: "Downloading progress: 1"
[2026-09-05 21:36:28] [INFO] Work ID: 1, Progress: 0.35369465, Title: "Info", Message: "Downloading progress: 2"
[2026-09-05 21:36:28] [INFO] Work ID: 1, Progress: 0.35850808, Title: "Info", Message: "Downloading progress: 3"
[2026-09-05 21:36:28] [INFO] Work ID: 1, Progress: 0.36349344, Title: "Info", Message: "Downloading progress: 4"
[2026-09-05 21:36:28] [INFO] Work ID: 1, Progress: 0.3686507, Title: "Info", Message: "Downloading progress: 5"
[2026-09-05 21:36:28] [INFO] Work ID: 1, Progress: 0.37346414, Title: "Info", Message: "Downloading progress: 6"
[2026-09-05 21:36:28] [INFO] Work ID: 1, Progress: 0.37827757, Title: "Info", Message: "Downloading progress: 7"
[2026-09-05 21:36:28] [INFO] Work ID: 1, Progress: 0.38360673, Title: "Info", Message: "Downloading progress: 8"
[2026-09-05 21:36:28] [INFO] Work ID: 1, Progress: 0.38824826, Title: "Info", Message: "Downloading progress: 9"
[2026-09-05 21:36:28] [INFO] Work ID: 1, Progress: 0.39374936, Title: "Info", Message: "Downloading progress: 10"
[2026-09-05 21:36:28] [INFO] Work ID: 1, Progress: 0.3985628, Title: "Info", Message: "Downloading progress: 11"
[2026-09-05 21:36:28] [INFO] Work ID: 1, Progress: 0.4028605, Title: "Info", Message: "Downloading progress: 12"
[2026-09-05 21:36:28] [INFO] Work ID: 1, Progress: 0.40836155, Title: "Info", Message: "Downloading progress: 13"
[2026-09-05 21:36:28] [INFO] Work ID: 1, Progress: 0.41319984, Title: "Info", Message: "Downloading progress: 14"
[2026-09-05 21:36:28] [INFO] Work ID: 1, Progress: 0.4181852, Title: "Info", Message: "Downloading progress: 15"
[2026-09-05 21:36:28] [INFO] Work ID: 1, Progress: 0.422773, Title: "Info", Message: "Downloading progress: 16"
[2026-09-05 21:36:28] [INFO] Work ID: 1, Progress: 0.42868304, Title: "Info", Message: "Downloading progress: 17"
[2026-09-05 21:36:28] [INFO] Work ID: 1, Progress: 0.43366838, Title: "Info", Message: "Downloading progress: 18"
[2026-09-05 21:36:28] [INFO] Work ID: 1, Progress: 0.43865374, Title: "Info", Message: "Downloading progress: 19"
[2026-09-05 21:36:28] [INFO] Work ID: 1, Progress: 0.44370288, Title: "Info", Message: "Downloading progress: 20"
[2026-09-05 21:36:28] [INFO] Work ID: 1, Progress: 0.4483444, Title: "Info", Message: "Downloading progress: 21"
[2026-09-05 21:36:28] [INFO] Work ID: 1, Progress: 0.45355338, Title: "Info", Message: "Downloading progress: 22"
[2026-09-05 21:36:28] [INFO] Work ID: 1, Progress: 0.4583668, Title: "Info", Message: "Downloading progress: 23"
[2026-09-05 21:36:28] [INFO] Work ID: 1, Progress: 0.46329775, Title: "Info", Message: "Downloading progress: 24"
[2026-09-05 21:36:28] [INFO] Work ID: 1, Progress: 0.46812397, Title: "Info", Message: "Downloading progress: 25"
[2026-09-05 21:36:28] [INFO] Work ID: 1, Progress: 0.4736378, Title: "Info", Message: "Downloading progress: 26"
[2026-09-05 21:36:28] [INFO] Work ID: 1, Progress: 0.47862315, Title: "Info", Message: "Downloading progress: 27"
[2026-09-05 21:36:28] [INFO] Work ID: 1, Progress: 0.48343658, Title: "Info", Message: "Downloading progress: 28"
[2026-09-05 21:36:28] [INFO] Work ID: 1, Progress: 0.48790622, Title: "Info", Message: "Downloading progress: 29"
[2026-09-05 21:36:28] [INFO] Work ID: 1, Progress: 0.4937484, Title: "Info", Message: "Downloading progress: 30"
[2026-09-05 21:36:28] [INFO] Work ID: 1, Progress: 0.49850813, Title: "Info", Message: "Downloading progress: 31"
[2026-09-05 21:36:28] [INFO] Work ID: 1, Progress: 0.5033215, Title: "Info", Message: "Downloading progress: 32"
[2026-09-05 21:36:28] [INFO] Work ID: 1, Progress: 0.5087024, Title: "Info", Message: "Downloading progress: 33"
[2026-09-05 21:36:28] [INFO] Work ID: 1, Progress: 0.51260257, Title: "Info", Message: "Downloading progress: 34"
[2026-09-05 21:36:28] [INFO] Work ID: 1, Progress: 0.5184475, Title: "Info", Message: "Downloading progress: 35"
[2026-09-05 21:36:28] [INFO] Work ID: 1, Progress: 0.52349734, Title: "Info", Message: "Downloading progress: 36"
[2026-09-05 21:36:28] [INFO] Work ID: 1, Progress: 0.5281388, Title: "Info", Message: "Downloading progress: 37"
[2026-09-05 21:36:29] [INFO] Work ID: 1, Progress: 0.5332961, Title: "Info", Message: "Downloading progress: 38"
[2026-09-05 21:36:29] [INFO] Work ID: 1, Progress: 0.53862524, Title: "Info", Message: "Downloading progress: 39"
[2026-09-05 21:36:29] [INFO] Work ID: 1, Progress: 0.5436106, Title: "Info", Message: "Downloading progress: 40"
[2026-09-05 21:36:29] [INFO] Work ID: 1, Progress: 0.54816955, Title: "Info", Message: "Downloading progress: 41"
[2026-09-05 21:36:29] [INFO] Work ID: 1, Progress: 0.55332005, Title: "Info", Message: "Downloading progress: 42"
[2026-09-05 21:36:29] [INFO] Work ID: 1, Progress: 0.55871505, Title: "Info", Message: "Downloading progress: 43"
[2026-09-05 21:36:29] [INFO] Work ID: 1, Progress: 0.56370044, Title: "Info", Message: "Downloading progress: 44"
[2026-09-05 21:36:29] [INFO] Work ID: 1, Progress: 0.56843257, Title: "Info", Message: "Downloading progress: 45"
[2026-09-05 21:36:29] [INFO] Work ID: 1, Progress: 0.57325876, Title: "Info", Message: "Downloading progress: 46"
[2026-09-05 21:36:29] [INFO] Work ID: 1, Progress: 0.57858795, Title: "Info", Message: "Downloading progress: 47"
[2026-09-05 21:36:29] [INFO] Work ID: 1, Progress: 0.5827137, Title: "Info", Message: "Downloading progress: 48"
[2026-09-05 21:36:29] [INFO] Work ID: 1, Progress: 0.5885587, Title: "Info", Message: "Downloading progress: 49"
[2026-09-05 21:36:29] [INFO] Work ID: 1, Progress: 0.5936078, Title: "Info", Message: "Downloading progress: 50"
[2026-09-05 21:36:29] [INFO] Work ID: 1, Progress: 0.59750795, Title: "Info", Message: "Downloading progress: 51"
[2026-09-05 21:36:29] [INFO] Work ID: 1, Progress: 0.6034045, Title: "Info", Message: "Downloading progress: 52"
[2026-09-05 21:36:29] [INFO] Work ID: 1, Progress: 0.60821795, Title: "Info", Message: "Downloading progress: 53"
[2026-09-05 21:36:29] [INFO] Work ID: 1, Progress: 0.6128595, Title: "Info", Message: "Downloading progress: 54"
[2026-09-05 21:36:29] [INFO] Work ID: 1, Progress: 0.61870444, Title: "Info", Message: "Downloading progress: 55"
[2026-09-05 21:36:29] [INFO] Work ID: 1, Progress: 0.6235151, Title: "Info", Message: "Downloading progress: 56"
[2026-09-05 21:36:29] [INFO] Work ID: 1, Progress: 0.62764096, Title: "Info", Message: "Downloading progress: 57"
[2026-09-05 21:36:29] [INFO] Work ID: 1, Progress: 0.6333126, Title: "Info", Message: "Downloading progress: 58"
[2026-09-05 21:36:29] [INFO] Work ID: 1, Progress: 0.638126, Title: "Info", Message: "Downloading progress: 59"
[2026-09-05 21:36:29] [INFO] Work ID: 1, Progress: 0.6432296, Title: "Info", Message: "Downloading progress: 60"
[2026-09-05 21:36:29] [INFO] Work ID: 1, Progress: 0.64873064, Title: "Info", Message: "Downloading progress: 61"
[2026-09-05 21:36:29] [INFO] Work ID: 1, Progress: 0.65371597, Title: "Info", Message: "Downloading progress: 62"
[2026-09-05 21:36:29] [INFO] Work ID: 1, Progress: 0.6584878, Title: "Info", Message: "Downloading progress: 63"
[2026-09-05 21:36:29] [INFO] Work ID: 1, Progress: 0.6629037, Title: "Info", Message: "Downloading progress: 64"
[2026-09-05 21:36:29] [INFO] Work ID: 1, Progress: 0.6684048, Title: "Info", Message: "Downloading progress: 65"
[2026-09-05 21:36:29] [INFO] Work ID: 1, Progress: 0.67321825, Title: "Info", Message: "Downloading progress: 66"
[2026-09-05 21:36:29] [INFO] Work ID: 1, Progress: 0.67843926, Title: "Info", Message: "Downloading progress: 67"
[2026-09-05 21:36:29] [INFO] Work ID: 1, Progress: 0.6832527, Title: "Info", Message: "Downloading progress: 68"
[2026-09-05 21:36:29] [INFO] Work ID: 1, Progress: 0.6880124, Title: "Info", Message: "Downloading progress: 69"
[2026-09-05 21:36:29] [INFO] Work ID: 1, Progress: 0.6936854, Title: "Info", Message: "Downloading progress: 70"
[2026-09-05 21:36:29] [INFO] Work ID: 1, Progress: 0.6983518, Title: "Info", Message: "Downloading progress: 71"
[2026-09-05 21:36:29] [INFO] Work ID: 1, Progress: 0.70317805, Title: "Info", Message: "Downloading progress: 72"
[2026-09-05 21:36:29] [INFO] Work ID: 1, Progress: 0.7079915, Title: "Info", Message: "Downloading progress: 73"
[2026-09-05 21:36:29] [INFO] Work ID: 1, Progress: 0.71351737, Title: "Info", Message: "Downloading progress: 74"
[2026-09-05 21:36:29] [INFO] Work ID: 1, Progress: 0.7186209, Title: "Info", Message: "Downloading progress: 75"
[2026-09-05 21:36:29] [INFO] Work ID: 1, Progress: 0.7234343, Title: "Info", Message: "Downloading progress: 76"
[2026-09-05 21:36:29] [INFO] Work ID: 1, Progress: 0.7287226, Title: "Info", Message: "Downloading progress: 77"
[2026-09-05 21:36:29] [INFO] Work ID: 1, Progress: 0.7331922, Title: "Info", Message: "Downloading progress: 78"
[2026-09-05 21:36:29] [INFO] Work ID: 1, Progress: 0.7380439, Title: "Info", Message: "Downloading progress: 79"
[2026-09-05 21:36:29] [INFO] Work ID: 1, Progress: 0.7435577, Title: "Info", Message: "Downloading progress: 80"
[2026-09-05 21:36:29] [INFO] Work ID: 1, Progress: 0.74704826, Title: "Info", Message: "Downloading progress: 81"
[2026-09-05 21:36:29] [INFO] Work ID: 1, Progress: 0.75359356, Title: "Info", Message: "Downloading progress: 82"
[2026-09-05 21:36:29] [INFO] Work ID: 1, Progress: 0.7578913, Title: "Info", Message: "Downloading progress: 83"
[2026-09-05 21:36:29] [INFO] Work ID: 1, Progress: 0.7635891, Title: "Info", Message: "Downloading progress: 84"
[2026-09-05 21:36:29] [INFO] Work ID: 1, Progress: 0.7684542, Title: "Info", Message: "Downloading progress: 85"
[2026-09-05 21:36:29] [INFO] Work ID: 1, Progress: 0.7732676, Title: "Info", Message: "Downloading progress: 86"
[2026-09-05 21:36:29] [INFO] Work ID: 1, Progress: 0.778253, Title: "Info", Message: "Downloading progress: 87"
[2026-09-05 21:36:29] [INFO] Work ID: 1, Progress: 0.78306645, Title: "Info", Message: "Downloading progress: 88"
[2026-09-05 21:36:29] [INFO] Work ID: 1, Progress: 0.7879437, Title: "Info", Message: "Downloading progress: 89"
[2026-09-05 21:36:29] [INFO] Work ID: 1, Progress: 0.79344475, Title: "Info", Message: "Downloading progress: 90"
[2026-09-05 21:36:29] [INFO] Work ID: 1, Progress: 0.7979661, Title: "Info", Message: "Downloading progress: 91"
[2026-09-05 21:36:29] [INFO] Work ID: 1, Progress: 0.80346715, Title: "Info", Message: "Downloading progress: 92"
[2026-09-05 21:36:29] [INFO] Work ID: 1, Progress: 0.8077897, Title: "Info", Message: "Downloading progress: 93"
[2026-09-05 21:36:30] [INFO] Work ID: 1, Progress: 0.8134755, Title: "Info", Message: "Downloading progress: 94"
[2026-09-05 21:36:30] [INFO] Work ID: 1, Progress: 0.8186327, Title: "Info", Message: "Downloading progress: 95"
[2026-09-05 21:36:30] [INFO] Work ID: 1, Progress: 0.82344615, Title: "Info", Message: "Downloading progress: 96"
[2026-09-05 21:36:30] [INFO] Work ID: 1, Progress: 0.8286034, Title: "Info", Message: "Downloading progress: 97"
[2026-09-05 21:36:30] [INFO] Work ID: 1, Progress: 0.8335887, Title: "Info", Message: "Downloading progress: 98"
[2026-09-05 21:36:30] [INFO] Work ID: 1, Progress: 0.83823967, Title: "Info", Message: "Downloading progress: 99"
[2026-09-05 21:36:30] [INFO] Work ID: 1, Progress: 0.843225, Title: "Info", Message: "Downloading progress: 100"
[2026-09-05 21:36:32] [INFO] Work ID: 1, Progress: 0.84375, Title: "Info", Message: "Downloading completed!"
[2026-09-05 21:36:32] [INFO] Work ID: 1, Progress: 0.875, Title: "Info", Message: "MapBinary..."
[2026-09-05 21:36:32] [INFO] Work ID: 1, Progress: 0.875, Title: "Info", Message: "Parsing symbols..."
[2026-09-05 21:36:33] [INFO] Work ID: 1, Progress: 0.90625, Title: "Info", Message: "Fixing static TLS..."
[2026-09-05 21:36:33] [INFO] Work ID: 1, Progress: 0.9375, Title: "Info", Message: "Protecting memory..."
[2026-09-05 21:36:33] [INFO] Work ID: 1, Progress: 0.96875, Title: "Info", Message: "Calling entry..."
[2026-09-05 21:36:33] [INFO] Work ID: 1, Progress: 0.96875, Title: "Info", Message: "Writing data..."
[2026-09-05 21:36:34] [INFO] Work ID: 1, Progress: 1, Title: "Info", Message: "Work done!"
[2026-09-05 22:00:09] [INFO] Exit button clicked
